// Jest Snapshot v1, https://goo.gl/fbAQLP

exports[`<Text/> render with default/required props 1`] = `
<div
  className="form-input "
>
  <label
    className="form-input_label"
  >
    <Text />
  </label>
</div>
`;
